// Jest Snapshot v1, https://goo.gl/fbAQLP

exports[`roundtrip roundrip 1`] = `
Array [
  Array [
    53.48932,
    -104.16777,
  ],
  Array [
    53.49014,
    -104.16833,
  ],
  Array [
    53.4907,
    -104.16936,
  ],
  Array [
    53.49065,
    -104.17142,
  ],
  Array [
    53.49011,
    -104.17288,
  ],
  Array [
    53.48876,
    -104.17305,
  ],
  Array [
    53.48715,
    -104.17219,
  ],
  Array [
    53.48542,
    -104.17022,
  ],
  Array [
    53.48345,
    -104.1679,
  ],
  Array [
    53.48554,
    -104.16442,
  ],
  Array [
    53.4871,
    -104.16279,
  ],
  Array [
    53.48863,
    -104.16236,
  ],
  Array [
    53.49004,
    -104.16249,
  ],
  Array [
    53.49055,
    -104.16361,
  ],
  Array [
    53.49083,
    -104.16477,
  ],
  Array [
    53.49045,
    -104.16648,
  ],
  Array [
    53.48935,
    -104.16773,
  ],
]
`;
